// Vitest Snapshot v1, https://vitest.dev/guide/snapshot.html

exports[`renders correctly and matches snapshot 1`] = `
<div>
  <div>
    <p
      class="text-black text-xl font-bold mt-6"
    >
      Test Song
    </p>
    <p
      class="text-gray font-semibold"
    >
      Test Artist
    </p>
  </div>
</div>
`;
